member e <- depth
member t <- str
member l <- e_len
member r <- i
member o <- block
global r <- g_in_execute_yield
global i <- g_error
global f <- value_to_str
global d <- g_in_mainloop
global u <- g_line
global a <- g_input
global c <- g_cursor_pos
global s <- g_pal
global h <- g_prompt
global b <- sub1
global p <- isoneof
global w <- g_history
global x <- g_input_lines
global m <- g_num_output_lines
global g <- g_str_output
global k <- keyp
global v <- g_interrupt
global y <- isdigit
global _ <- g_input_start
global A <- g_cursor_time
global z <- g_history_i
global B <- g_notice
global Z <- delongbracket
global X <- g_abort
global C <- str_i2xy
global D <- isalnum
global E <- str_xy2i
global F <- g_from_flip
global j <- g_pending_keys
global q <- isin
global G <- g_results
global H <- depack
global I <- yield_execute
global J <- g_enable_repl
global K <- g_key_time
global L <- keyword_map
global M <- g_enable_interrupt
global N <- g_enable_autoflip
global O <- g_error_output
global P <- g_notice_time
global Q <- g_prev_paste
global R <- g_lower
global S <- g_show_max_items
global T <- g_hex_output
global U <- walk_str
global V <- str_print
global W <- execute_raw
global Y <- eval_raw
global nn <- g_key_code
global ne <- g_ideal_x
global nt <- g_last_value
global nl <- tokenize
global nr <- on_compile_fail
global no <- end_tokens
global ni <- parse
global nf <- unpause
global nd <- get_keys
global nu <- execute
global na <- selftest
global nc <- dequote
global n1 <- copy
global ns <- cmd_exec
global nh <- cmd_assign
global n0 <- requote
global n2 <- is_identifier
global nb <- results_to_str
global np <- str_print_input
global nw <- g_error_idx
global nx <- try_parse
global n3 <- pos_to_str
global nm <- do_mainloop
local n <- right
local n <- i
local n <- ti
local n <- i
local n <- i
local n <- arg
local n <- name
local n <- name
local n <- keycode
local n <- res
local n <- env
local n <- value
local n <- str
local n <- token
local n <- ch
local n <- n
local n <- x
local n <- func
local n <- args
local n <- params
local n <- targets
local n <- else_b
local n <- e
local n <- label
local n <- str
local n <- key
local n <- ty
local n <- scroll
local n <- error
local n <- i
local n <- targets
local n <- found
local n <- y
local n <- i
local n <- e_i
local n <- e_i
local n <- retval
local n <- e
local n <- e
local n <- code
local n <- cy
local n <- offset
local n <- i
local n <- token
local n <- e_i
local n <- list
local n <- node
local n <- i
local n <- body
local n <- nodes
local n <- label
local n <- results
local n <- env
local n <- cx
local n <- str
local n <- sy
local n <- key
local n <- ok
local n <- count
local n <- my_ENV
local n <- i
local n <- esc_keys
local n <- ch
local n <- v
local n <- tab
local n <- t
local n <- ct
local n <- i
local n <- value
local n <- func
local n <- new_e
local n <- e
local n <- e
local n <- assign_expr
local n <- op_node
local n <- retval
local n <- retval
local n <- i
local n <- e
local n <- stmt
local n <- retval
local n <- k
local n <- i
local n <- value
local n <- input
local n <- x
local n <- err
local n <- key
local n <- co
local n <- key
local n <- code
local n <- t
local n <- obj
local n <- cx
local n <- di
local n <- ch
local n <- key
local n <- i
local n <- keywords
local n <- kw
local n <- str
local n <- value
local n <- param
local n <- g
local n <- e
local n <- e
local n <- d
local n <- d
local n <- op
local n <- old_depth
local n <- target
local n <- node
local n <- e
local n <- func
local n <- node
local n <- e
local n <- e
local n <- g
local n <- scope
local n <- i
local n <- i
local n <- count
local n <- count
local n <- line
local n <- expr
local n <- line
local n <- line
local n <- x
local n <- results
local n <- str
local n <- str
local n <- str
local n <- str
local n <- str
local n <- v
local n <- v
local n <- v
local n <- v
local n <- v
local n <- v
local n <- _
local n <- _
local e <- parse_expr
local e <- ch
local e <- token
local e <- esch
local e <- input
local e <- str
local e <- token
local e <- g_ENV
local e <- c
local e <- my_e
local e <- i
local e <- line
local e <- i
local e <- ti
local e <- ilines
local e <- name
local e <- results
local e <- e
local e <- val
local e <- k
local e <- results
local e <- olines
local e <- e
local e <- setnode
local e <- exps
local e <- cy
local e <- name
local e <- name
local e <- sources
local e <- sources
local e <- then_b
local e <- retval
local e <- node
local e <- cy
local e <- color
local e <- result
local e <- cx
local e <- k
local e <- str
local e <- i
local e <- rawstr
local e <- i
local e <- expect
local e <- parser
local e <- e
local e <- e
local e <- e
local e <- e
local e <- j
local e <- i
local e <- e
local e <- e
local e <- e
local e <- e
local e <- e
local e <- e
local e <- e
local e <- e
local e <- e
local e <- e
local e <- e
local e <- e
local e <- e
local e <- e
local e <- e
local e <- e
local e <- e
local e <- e
local e <- e
local e <- e
local e <- e
local e <- e
local e <- e
local e <- e
local e <- node
local e <- isprefix
local e <- e
local e <- i
local e <- e
local e <- retval
local e <- retval
local e <- parent
local e <- labels_c
local e <- y
local e <- elines
local e <- line
local e <- results
local e <- i
local e <- s
local e <- ok
local e <- t
local e <- k
local e <- err
local e <- e
local e <- expect
local e <- i
local e <- e
local e <- d
local e <- e
local e <- e
local e <- e
local e <- e
local e <- e
local e <- e
local e <- e
local e <- e
local e <- i
local e <- k
local e <- values
local e <- i
local e <- allowed
local e <- result
local e <- label
local e <- label
local e <- step
local e <- i
local e <- sources
local e <- args
local e <- e
local e <- goto_e_len
local e <- print_node
local e <- keep_locals
local e <- need_end
local e <- root
local e <- v
local e <- i
local e <- minline
local e <- page_olines
local e <- idx
local e <- env
local e <- cc
local e <- idx
local e <- y
local e <- env
local e <- env
local e <- v
local e <- cb
local e <- ok
local e <- _
local e <- _
local t <- require
local t <- prec
local t <- str
local t <- ch
local t <- key
local t <- values
local t <- retval
local t <- y
local t <- page_olines
local t <- result
local t <- ci
local t <- trueish
local t <- nodes
local t <- table
local t <- node
local t <- e
local t <- args
local t <- e
local t <- label
local t <- vars
local t <- nch
local t <- i
local t <- count
local t <- ey
local t <- tends
local t <- cy
local t <- ostart
local t <- paste
local t <- v
local t <- fail
local t <- token
local t <- obj
local t <- obj
local t <- i
local t <- setnode
local t <- e
local t <- e
local t <- e
local t <- e
local t <- callnode
local t <- callnode
local t <- unescapes
local t <- xpos
local t <- i
local t <- coro
local t <- go_line
local t <- ch
local t <- esc_values
local t <- obj
local t <- v
local t <- tstarts
local t <- e
local t <- e
local t <- e
local t <- e
local t <- e
local t <- k
local t <- node
local t <- d
local t <- line
local t <- label
local t <- label
local t <- label
local t <- nodes
local t <- depth
local t <- ir
local t <- str
local t <- i
local t <- env
local t <- dy
local t <- dx
local t <- error
local t <- t
local l <- accept
local l <- token
local l <- left
local l <- token
local l <- left
local l <- str
local l <- inschar
local l <- ch2
local l <- i
local l <- scope
local l <- targets
local l <- vstr
local l <- str
local l <- ch
local l <- ey
local l <- y
local l <- globfuncs
local l <- end_delim
local l <- e
local l <- i
local l <- func_e
local l <- callnode
local l <- dests
local l <- scope
local l <- block_e_len
local l <- new_results
local l <- ci
local l <- ypos
local l <- draw_input
local l <- input
local l <- strict
local l <- eq_start
local l <- key
local l <- node_i
local l <- old_gotos
local l <- k
local l <- setnode
local l <- k
local l <- body
local l <- e_len_c
local l <- ch
local l <- v
local l <- str
local l <- c
local l <- allow_return
local l <- complete
local l <- h
local l <- cy
local l <- k
local r <- right_expr
local r <- tokens
local r <- tokens
local r <- fail
local r <- ctrl
local r <- node
local r <- vararg
local r <- j
local r <- newnode
local r <- keys
local r <- varb
local r <- scope
local r <- prev
local r <- cb
local r <- ex
local r <- cx
local r <- ei
local r <- i
local r <- prec
local r <- token
local r <- values
local r <- short
local r <- short
local r <- body
local r <- n
local r <- x
local r <- ch
local r <- xpos
local r <- old_color
local r <- cursor
local r <- output
local r <- ok
local r <- _
local r <- _
local o <- fail
local o <- right
local o <- start
local o <- keys
local o <- block
local o <- go_edge
local o <- escapes
local o <- method
local o <- start
local o <- expected_e_len
local o <- spch
local o <- i
local o <- start
local o <- old_depth
local o <- newisprefix
local o <- cond
local o <- cond
local o <- cond
local o <- min
local o <- body
local o <- ei
local o <- y
local o <- ex
local o <- x
local o <- ypos
local o <- old_camx
local o <- cx
local o <- _
local i <- e_len
local i <- token
local i <- token
local i <- fail
local i <- key
local i <- push_history
local i <- arg
local i <- x
local i <- quote
local i <- body
local i <- newsetnode
local i <- start
local i <- y
local i <- tokens
local i <- old_camy
local i <- ch
local f <- locals
local f <- ch3
local f <- value
local f <- arg
local f <- err
local f <- digits
local f <- block_e_len
local f <- go_history
local f <- old_e_len
local f <- newcallnode
local f <- parent
local f <- setnode
local f <- tstarts
local f <- unscroll
local f <- page_interrupt
local f <- ch
local d <- require_ident
local d <- ws
local d <- dot
local d <- ch4
local d <- delchar
local d <- max
local d <- parse_stmt
local d <- draw_cursor
local u <- depth
local u <- values
local u <- strict
local u <- prec
local u <- shift
local a <- func_depth
local a <- splat_i
local a <- line
local a <- isprefix
local a <- block_depth
local c <- parse_block
local c <- tlines
local c <- index
local s <- labels
local s <- tstarts
local s <- is_stmt
local h <- endcb
local h <- tends
local h <- is_local
local b <- eval_nodes
local b <- has_self
local p <- const_node
local p <- parse_break
local w <- parse_list
local x <- gotos
local m <- loop_depth
local m <- parse_return
local g <- push_locals
local g <- parse_label
local k <- pop_locals
local v <- parse_loop_block
local v <- func_e_len
local v <- parse_core
local v <- parse_assign_expr
local v <- parse_goto
local y <- parse_call
local y <- handle_break
local _ <- var_node
local A <- assign_node
local A <- parse_binary_op
local A <- setup_endcb
local A <- parse_repeat
local z <- parse_function
local B <- tlines
local B <- parse_ifstmt
local Z <- is_op_assign
local X <- allow_return
local C <- vararg_node
local C <- parse_expr_more
local C <- parse_assign
local D <- parse_table
local D <- parse_op_assign
local E <- parse_local
local F <- parse_while
local j <- parse_for
label n <- again
label n <- again
label n <- _