member e <- depth
member t <- str
member l <- e_len
member r <- i
member o <- block
global n <- g_input
global e <- sub1
global t <- g_cursor_pos
global l <- isin
global r <- g_line
global o <- g_pal
global i <- isoneof
global f <- g_prompt
global d <- g_history
global u <- g_results
global a <- depack
global c <- g_input_lines
global s <- g_num_output_lines
global h <- g_str_output
global b <- keyp
global p <- yield_execute
global w <- g_interrupt
global x <- g_error
global m <- isdigit
global g <- g_input_start
global k <- g_cursor_time
global v <- g_history_i
global y <- g_notice
global A <- g_enable_repl
global z <- isalnum
global B <- value_to_str
global Z <- g_abort
global X <- str_i2xy
global C <- str_xy2i
global D <- g_in_mainloop
global E <- g_from_flip
global F <- g_pending_keys
global j <- g_key_time
global q <- keyword_map
global G <- g_enable_interrupt
global H <- g_enable_autoflip
global I <- g_error_output
global J <- g_notice_time
global K <- g_in_execute_yield
global L <- g_prev_paste
global M <- g_lower
global N <- g_show_max_items
global O <- g_hex_output
global P <- walk_str
global Q <- str_print
global R <- execute_raw
global S <- eval_raw
global T <- g_key_code
global U <- g_ideal_x
global V <- g_last_value
global W <- delongbracket
global Y <- tokenize
global nn <- on_compile_fail
global ne <- end_tokens
global nt <- parse
global nl <- unpause
global nr <- get_keys
global no <- execute
global ni <- selftest
global nf <- dequote
global nd <- copy
global nu <- cmd_exec
global na <- cmd_assign
global nc <- requote
global n1 <- is_identifier
global ns <- results_to_str
global nh <- str_print_input
global n0 <- g_error_idx
global n2 <- try_parse
global nb <- pos_to_str
global np <- do_mainloop
local n <- right
local n <- i
local n <- ti
local n <- i
local n <- i
local n <- arg
local n <- name
local n <- res
local n <- env
local n <- value
local n <- str
local n <- token
local n <- ch
local n <- n
local n <- x
local n <- func
local n <- args
local n <- params
local n <- targets
local n <- else_b
local n <- e
local n <- label
local n <- str
local n <- key
local n <- ty
local n <- ilines
local n <- error
local n <- i
local n <- targets
local n <- found
local n <- y
local n <- i
local n <- e_i
local n <- e_i
local n <- retval
local n <- e
local n <- e
local n <- code
local n <- i
local n <- token
local n <- e_i
local n <- list
local n <- node
local n <- body
local n <- nodes
local n <- label
local n <- results
local n <- env
local n <- cx
local n <- str
local n <- key
local n <- ok
local n <- count
local n <- k
local n <- i
local n <- i
local n <- ch
local n <- v
local n <- tab
local n <- t
local n <- ct
local n <- j
local n <- new_e
local n <- e
local n <- e
local n <- assign_expr
local n <- op_node
local n <- retval
local n <- i
local n <- e
local n <- stmt
local n <- retval
local n <- k
local n <- i
local n <- value
local n <- input
local n <- x
local n <- err
local n <- key
local n <- co
local n <- i
local n <- t
local n <- i
local n <- kw
local n <- str
local n <- value
local n <- g
local n <- d
local n <- e
local n <- e
local n <- old_depth
local n <- target
local n <- e
local n <- node
local n <- e
local n <- g
local n <- i
local n <- i
local n <- count
local n <- count
local n <- line
local n <- expr
local n <- line
local n <- results
local n <- str
local n <- str
local n <- str
local n <- str
local n <- str
local n <- v
local n <- v
local n <- v
local n <- v
local n <- v
local n <- v
local n <- _
local e <- token
local e <- accept
local e <- token
local e <- name
local e <- keycode
local e <- left
local e <- my_e
local e <- line
local e <- scroll
local e <- name
local e <- results
local e <- e
local e <- val
local e <- results
local e <- ch2
local e <- e
local e <- exps
local e <- cy
local e <- cy
local e <- offset
local e <- name
local e <- name
local e <- node
local e <- e
local e <- sources
local e <- i
local e <- e
local e <- retval
local e <- nch
local e <- vstr
local e <- cy
local e <- color
local e <- sy
local e <- result
local e <- v
local e <- str
local e <- i
local e <- expect
local e <- e
local e <- e
local e <- e
local e <- e
local e <- i
local e <- e
local e <- e
local e <- e
local e <- e
local e <- e
local e <- e
local e <- e
local e <- e
local e <- e
local e <- e
local e <- e
local e <- e
local e <- e
local e <- e
local e <- e
local e <- e
local e <- e
local e <- e
local e <- e
local e <- e
local e <- e
local e <- e
local e <- e
local e <- e
local e <- isprefix
local e <- e
local e <- e
local e <- e
local e <- i
local e <- e
local e <- retval
local e <- retval
local e <- parent
local e <- labels_c
local e <- spch
local e <- y
local e <- line
local e <- results
local e <- key
local e <- code
local e <- obj
local e <- cx
local e <- key
local e <- start
local e <- ok
local e <- t
local e <- err
local e <- e
local e <- e
local e <- param
local e <- old_gotos
local e <- e
local e <- e
local e <- e
local e <- e
local e <- e
local e <- e
local e <- e
local e <- e
local e <- i
local e <- node
local e <- i
local e <- allowed
local e <- result
local e <- label
local e <- i
local e <- func
local e <- e
local e <- print_node
local e <- e
local e <- root
local e <- v
local e <- minline
local e <- idx
local e <- env
local e <- env
local e <- idx
local e <- env
local e <- env
local e <- v
local e <- cb
local e <- _
local e <- _
local t <- parse_expr
local t <- ch
local t <- prec
local t <- esch
local t <- str
local t <- token
local t <- c
local t <- i
local t <- i
local t <- ti
local t <- values
local t <- retval
local t <- k
local t <- setnode
local t <- result
local t <- ci
local t <- trueish
local t <- table
local t <- args
local t <- then_b
local t <- label
local t <- vars
local t <- count
local t <- ey
local t <- rawstr
local t <- token
local t <- i
local t <- parser
local t <- obj
local t <- obj
local t <- i
local t <- setnode
local t <- e
local t <- e
local t <- scope
local t <- retval
local t <- xpos
local t <- i
local t <- coro
local t <- ch
local t <- s
local t <- obj
local t <- k
local t <- e
local t <- e
local t <- e
local t <- e
local t <- expect
local t <- i
local t <- e
local t <- d
local t <- line
local t <- body
local t <- label
local t <- args
local t <- label
local t <- goto_e_len
local t <- keep_locals
local t <- need_end
local t <- scope
local t <- i
local t <- depth
local t <- i
local t <- page_olines
local t <- allow_return
local t <- line
local t <- x
local t <- ok
local t <- _
local t <- _
local t <- t
local l <- left
local l <- str
local l <- token
local l <- ch
local l <- input
local l <- right
local l <- keys
local l <- y
local l <- olines
local l <- node
local l <- vararg
local l <- i
local l <- nodes
local l <- sources
local l <- targets
local l <- node
local l <- i
local l <- ey
local l <- y
local l <- cy
local l <- cx
local l <- fail
local l <- i
local l <- node
local l <- callnode
local l <- dests
local l <- block_e_len
local l <- varb
local l <- callnode
local l <- new_results
local l <- ci
local l <- ypos
local l <- elines
local l <- ch
local l <- v
local l <- node_i
local l <- k
local l <- d
local l <- setnode
local l <- short
local l <- short
local l <- label
local l <- label
local l <- e_len_c
local l <- nodes
local l <- ch
local l <- ir
local l <- c
local l <- cc
local l <- y
local l <- complete
local l <- error
local l <- k
local r <- require
local r <- right_expr
local r <- token
local r <- str
local r <- key
local r <- ch3
local r <- block
local r <- scope
local r <- str
local r <- tends
local r <- paste
local r <- end_delim
local r <- e
local r <- value
local r <- func_e
local r <- newnode
local r <- keys
local r <- scope
local r <- callnode
local r <- prev
local r <- ex
local r <- cx
local r <- go_line
local r <- di
local r <- strict
local r <- tstarts
local r <- k
local r <- token
local r <- k
local r <- values
local r <- cond
local r <- node
local r <- x
local r <- ch
local r <- ok
local r <- h
local r <- dx
local o <- tokens
local o <- tokens
local o <- fail
local o <- inschar
local o <- method
local o <- ch
local o <- j
local o <- is_stmt
local o <- ei
local o <- i
local o <- eq_start
local o <- key
local o <- prec
local o <- d
local o <- values
local o <- op
local o <- cond
local o <- cond
local o <- body
local o <- min
local o <- sources
local o <- n
local o <- v
local o <- str
local o <- y
local o <- x
local o <- dy
local o <- cy
local i <- fail
local i <- token
local i <- page_olines
local i <- ctrl
local i <- key
local i <- ostart
local i <- start
local i <- arg
local i <- expected_e_len
local i <- block_e_len
local i <- cb
local i <- x
local i <- i
local i <- input
local i <- old_depth
local i <- newisprefix
local i <- k
local i <- max
local i <- body
local i <- ei
local i <- str
local i <- y
local i <- xpos
local i <- ch
local f <- e_len
local f <- start
local f <- value
local f <- arg
local f <- push_history
local f <- func
local f <- quote
local f <- newsetnode
local f <- parent
local f <- start
local f <- ex
local f <- ypos
local f <- page_interrupt
local f <- ch
local f <- _
local d <- locals
local d <- fail
local d <- values
local d <- draw_input
local d <- old_e_len
local d <- prec
local d <- newcallnode
local d <- setnode
local d <- block_depth
local d <- tokens
local d <- cx
local u <- err
local u <- digits
local u <- splat_i
local u <- ch4
local u <- is_local
local u <- isprefix
local u <- step
local u <- tstarts
local u <- cursor
local u <- output
local u <- _
local a <- go_edge
local a <- ws
local a <- dot
local a <- index
local a <- old_color
local c <- require_ident
local c <- strict
local c <- go_history
local c <- body
local c <- parse_stmt
local s <- depth
local s <- line
local s <- delchar
local h <- func_depth
local h <- tlines
local h <- shift
local b <- parse_block
local b <- tstarts
local b <- old_camx
local p <- tends
local p <- has_self
local p <- old_camy
local w <- labels
local x <- endcb
local x <- unscroll
local m <- eval_nodes
local m <- draw_cursor
local g <- const_node
local g <- parse_break
local k <- parse_list
local v <- gotos
local y <- loop_depth
local y <- parse_return
local z <- push_locals
local z <- parse_label
local B <- pop_locals
local Z <- parse_loop_block
local Z <- func_e_len
local Z <- parse_core
local Z <- parse_assign_expr
local Z <- parse_goto
local X <- parse_call
local X <- handle_break
local C <- var_node
local D <- assign_node
local D <- parse_binary_op
local D <- setup_endcb
local D <- parse_repeat
local E <- parse_function
local F <- tlines
local F <- parse_ifstmt
local j <- allow_return
local q <- parse_table
local q <- parse_expr_more
local q <- parse_assign
local G <- vararg_node
local G <- parse_op_assign
local H <- parse_local
local I <- parse_while
local J <- parse_for
local V <- unescapes
local W <- keywords
local W <- is_op_assign
local nw <- g_ENV
local nx <- escapes
local nx <- my_ENV
local n3 <- globfuncs
local nm <- esc_keys
local n7 <- esc_values