member e <- depth
member t <- str
member l <- e_len
member r <- i
member o <- block
global n <- g_input
global e <- sub1
global l <- g_cursor_pos
global r <- isin
global o <- g_line
global i <- g_pal
global f <- isoneof
global d <- g_prompt
global u <- g_history
global a <- g_results
global c <- depack
global s <- g_input_lines
global h <- g_num_output_lines
global b <- g_str_output
global p <- keyp
global w <- yield_execute
global x <- g_interrupt
global m <- g_error
global g <- isdigit
global k <- g_input_start
global v <- g_cursor_time
global y <- g_history_i
global A <- g_notice
global z <- g_enable_repl
global B <- isalnum
global Z <- value_to_str
global X <- g_abort
global C <- str_i2xy
global D <- str_xy2i
global E <- g_in_mainloop
global F <- g_from_flip
global j <- g_pending_keys
global q <- g_key_time
global G <- keyword_map
global H <- g_enable_interrupt
global I <- g_enable_autoflip
global J <- g_error_output
global K <- g_notice_time
global L <- g_in_execute_yield
global M <- g_prev_paste
global N <- g_lower
global O <- g_show_max_items
global P <- g_hex_output
global Q <- walk_str
global R <- str_print
global S <- execute_raw
global T <- eval_raw
global U <- g_key_code
global V <- g_ideal_x
global W <- g_last_value
global Y <- delongbracket
global nn <- tokenize
global ne <- on_compile_fail
global nt <- end_tokens
global nl <- parse
global nr <- unpause
global no <- get_keys
global ni <- execute
global nf <- selftest
global nd <- dequote
global nu <- copy
global na <- cmd_exec
global nc <- cmd_assign
global n1 <- requote
global ns <- is_identifier
global nh <- results_to_str
global n0 <- str_print_input
global n2 <- g_error_idx
global nb <- try_parse
global np <- pos_to_str
global nw <- do_mainloop
local n <- right
local n <- i
local n <- ti
local n <- i
local n <- i
local n <- arg
local n <- name
local n <- res
local n <- env
local n <- value
local n <- str
local n <- token
local n <- ch
local n <- n
local n <- x
local n <- func
local n <- args
local n <- params
local n <- targets
local n <- else_b
local n <- e
local n <- label
local n <- str
local n <- key
local n <- ty
local n <- ilines
local n <- error
local n <- i
local n <- targets
local n <- found
local n <- y
local n <- i
local n <- e_i
local n <- e_i
local n <- retval
local n <- e
local n <- e
local n <- code
local n <- i
local n <- token
local n <- e_i
local n <- list
local n <- node
local n <- i
local n <- body
local n <- nodes
local n <- label
local n <- results
local n <- env
local n <- cx
local n <- str
local n <- sy
local n <- key
local n <- ok
local n <- count
local n <- k
local n <- i
local n <- i
local n <- ch
local n <- v
local n <- tab
local n <- t
local n <- ct
local n <- i
local n <- value
local n <- func
local n <- new_e
local n <- e
local n <- e
local n <- assign_expr
local n <- op_node
local n <- retval
local n <- retval
local n <- i
local n <- e
local n <- stmt
local n <- retval
local n <- k
local n <- i
local n <- value
local n <- input
local n <- x
local n <- err
local n <- key
local n <- co
local n <- key
local n <- code
local n <- t
local n <- obj
local n <- ch
local n <- i
local n <- kw
local n <- str
local n <- value
local n <- param
local n <- g
local n <- e
local n <- e
local n <- d
local n <- d
local n <- op
local n <- old_depth
local n <- target
local n <- node
local n <- e
local n <- func
local n <- node
local n <- e
local n <- e
local n <- g
local n <- scope
local n <- i
local n <- i
local n <- count
local n <- count
local n <- line
local n <- expr
local n <- line
local n <- line
local n <- x
local n <- results
local n <- str
local n <- str
local n <- str
local n <- str
local n <- str
local n <- v
local n <- v
local n <- v
local n <- v
local n <- v
local n <- v
local n <- _
local n <- _
local e <- token
local e <- accept
local e <- token
local e <- name
local e <- keycode
local e <- left
local e <- my_e
local e <- line
local e <- scroll
local e <- name
local e <- results
local e <- e
local e <- val
local e <- k
local e <- results
local e <- ch2
local e <- e
local e <- exps
local e <- cy
local e <- cy
local e <- offset
local e <- name
local e <- name
local e <- node
local e <- e
local e <- sources
local e <- sources
local e <- e
local e <- retval
local e <- nch
local e <- ch
local e <- cy
local e <- color
local e <- result
local e <- v
local e <- str
local e <- i
local e <- expect
local e <- e
local e <- e
local e <- e
local e <- e
local e <- j
local e <- i
local e <- e
local e <- e
local e <- e
local e <- e
local e <- e
local e <- e
local e <- e
local e <- e
local e <- e
local e <- e
local e <- e
local e <- e
local e <- e
local e <- e
local e <- e
local e <- e
local e <- e
local e <- e
local e <- e
local e <- e
local e <- e
local e <- e
local e <- e
local e <- e
local e <- node
local e <- isprefix
local e <- e
local e <- i
local e <- e
local e <- retval
local e <- retval
local e <- parent
local e <- labels_c
local e <- y
local e <- line
local e <- results
local e <- i
local e <- cx
local e <- key
local e <- s
local e <- start
local e <- ok
local e <- t
local e <- k
local e <- err
local e <- e
local e <- expect
local e <- e
local e <- old_gotos
local e <- d
local e <- e
local e <- e
local e <- e
local e <- e
local e <- e
local e <- e
local e <- e
local e <- e
local e <- i
local e <- k
local e <- values
local e <- node
local e <- i
local e <- allowed
local e <- result
local e <- label
local e <- label
local e <- body
local e <- step
local e <- i
local e <- sources
local e <- args
local e <- e
local e <- goto_e_len
local e <- print_node
local e <- root
local e <- v
local e <- ch
local e <- minline
local e <- idx
local e <- env
local e <- env
local e <- cc
local e <- idx
local e <- y
local e <- env
local e <- env
local e <- v
local e <- cb
local e <- ok
local e <- _
local t <- parse_expr
local t <- ch
local t <- prec
local t <- esch
local t <- input
local t <- str
local t <- token
local t <- g_ENV
local t <- c
local t <- i
local t <- i
local t <- ti
local t <- values
local t <- retval
local t <- olines
local t <- setnode
local t <- result
local t <- ci
local t <- trueish
local t <- nodes
local t <- table
local t <- args
local t <- then_b
local t <- label
local t <- vars
local t <- node
local t <- i
local t <- count
local t <- ey
local t <- cy
local t <- cx
local t <- rawstr
local t <- token
local t <- parser
local t <- obj
local t <- obj
local t <- i
local t <- setnode
local t <- e
local t <- e
local t <- e
local t <- e
local t <- xpos
local t <- i
local t <- elines
local t <- coro
local t <- ch
local t <- obj
local t <- v
local t <- e
local t <- e
local t <- e
local t <- e
local t <- i
local t <- e
local t <- k
local t <- d
local t <- line
local t <- cond
local t <- body
local t <- label
local t <- label
local t <- label
local t <- nodes
local t <- keep_locals
local t <- need_end
local t <- i
local t <- depth
local t <- ir
local t <- str
local t <- i
local t <- page_olines
local t <- error
local t <- _
local t <- t
local l <- require
local l <- left
local l <- str
local l <- ch
local l <- y
local l <- block
local l <- scope
local l <- vstr
local l <- ey
local l <- y
local l <- tends
local l <- fail
local l <- e
local l <- i
local l <- func_e
local l <- callnode
local l <- dests
local l <- scope
local l <- scope
local l <- callnode
local l <- callnode
local l <- new_results
local l <- ci
local l <- ypos
local l <- tstarts
local l <- key
local l <- node_i
local l <- k
local l <- setnode
local l <- k
local l <- cond
local l <- e_len_c
local l <- v
local l <- str
local l <- c
local l <- cx
local l <- allow_return
local l <- complete
local l <- k
local r <- right_expr
local r <- token
local r <- token
local r <- right
local r <- str
local r <- key
local r <- keys
local r <- page_olines
local r <- ch3
local r <- node
local r <- vararg
local r <- i
local r <- targets
local r <- str
local r <- ostart
local r <- paste
local r <- end_delim
local r <- newnode
local r <- keys
local r <- block_e_len
local r <- varb
local r <- prev
local r <- spch
local r <- ex
local r <- cx
local r <- ei
local r <- input
local r <- go_line
local r <- di
local r <- strict
local r <- eq_start
local r <- prec
local r <- token
local r <- values
local r <- short
local r <- short
local r <- start
local r <- x
local r <- ch
local r <- ok
local r <- dy
local r <- dx
local r <- _
local o <- tokens
local o <- tokens
local o <- fail
local o <- inschar
local o <- method
local o <- j
local o <- is_stmt
local o <- cb
local o <- i
local o <- i
local o <- newisprefix
local o <- cond
local o <- min
local o <- body
local o <- n
local o <- ei
local o <- y
local o <- ex
local o <- x
local o <- xpos
local o <- h
local o <- cy
local i <- fail
local i <- token
local i <- start
local i <- ctrl
local i <- key
local i <- start
local i <- arg
local i <- expected_e_len
local i <- block_e_len
local i <- x
local i <- quote
local i <- old_depth
local i <- newsetnode
local i <- max
local i <- y
local i <- ch
local f <- e_len
local f <- value
local f <- arg
local f <- go_edge
local f <- draw_input
local f <- body
local f <- newcallnode
local f <- parent
local f <- setnode
local f <- ypos
local f <- cursor
local f <- ch
local d <- locals
local d <- fail
local d <- values
local d <- push_history
local d <- old_e_len
local d <- prec
local d <- block_depth
local d <- tokens
local d <- page_interrupt
local d <- _
local u <- require_ident
local u <- err
local u <- digits
local u <- ch4
local u <- parse_stmt
local u <- tstarts
local u <- old_color
local u <- output
local u <- _
local a <- ws
local a <- splat_i
local a <- dot
local a <- is_local
local a <- isprefix
local c <- strict
local c <- index
local c <- go_history
local c <- old_camx
local s <- depth
local s <- line
local s <- delchar
local h <- func_depth
local h <- tlines
local h <- shift
local b <- parse_block
local b <- tstarts
local p <- labels
local p <- tends
local p <- has_self
local p <- old_camy
local w <- unscroll
local x <- endcb
local m <- eval_nodes
local m <- draw_cursor
local g <- const_node
local g <- parse_break
local k <- parse_list
local v <- gotos
local y <- loop_depth
local y <- parse_return
local A <- push_locals
local A <- parse_label
local B <- pop_locals
local Z <- parse_loop_block
local Z <- func_e_len
local Z <- parse_core
local Z <- parse_assign_expr
local Z <- parse_goto
local X <- parse_call
local X <- handle_break
local C <- var_node
local D <- assign_node
local D <- parse_binary_op
local D <- setup_endcb
local D <- parse_repeat
local E <- parse_function
local F <- tlines
local F <- parse_ifstmt
local j <- allow_return
local q <- vararg_node
local q <- parse_expr_more
local q <- parse_assign
local G <- parse_table
local G <- parse_op_assign
local H <- parse_local
local I <- parse_while
local J <- parse_for
local W <- unescapes
local Y <- keywords
local Y <- is_op_assign
local nx <- escapes
local nx <- my_ENV
local n3 <- globfuncs
local nm <- esc_keys
local n7 <- esc_values